RAM : INIT : Loading RAM contents from test/hex/addiu_1.hex.txt
TB : finished; active=0
register_v0 = 00000100
rtl/mips_cpu_bus_tb.v:62: $finish called at 29000 (10ps)
