RAM : INIT : Loading RAM contents from test/hex/addu_1.hex.txt
TB : finished; active=0
register_v0 = 00000060
rtl/mips_cpu_bus_tb.v:62: $finish called at 39000 (10ps)
