RAM : INIT : Loading RAM contents from test/hex/lw_1.hex.txt
TB : finished; active=0
register_v0 = aaaaaaaa
rtl/mips_cpu_bus_tb.v:62: $finish called at 23000 (10ps)
